[2026-06-25 02:28:53] production.DEBUG: Gzip: 1004B → 560B (55.78%), saved 0.43KB  
[2026-06-25 02:28:53] production.DEBUG: Gzip: 1004B → 559B (55.68%), saved 0.43KB  
[2026-06-25 02:28:53] production.DEBUG: Gzip: 1004B → 564B (56.18%), saved 0.43KB  
[2026-06-25 02:28:53] production.DEBUG: Gzip: 1004B → 564B (56.18%), saved 0.43KB  
[2026-06-25 02:28:53] production.DEBUG: Gzip: 1004B → 562B (55.98%), saved 0.43KB  
[2026-06-25 02:29:44] production.DEBUG: Gzip: 18982B → 4076B (21.47%), saved 14.56KB  
[2026-06-25 02:29:44] production.DEBUG: Gzip: 632B → 336B (53.16%), saved 0.29KB  
[2026-06-25 02:29:45] production.DEBUG: Gzip: 11144B → 1203B (10.8%), saved 9.71KB  
[2026-06-25 02:29:45] production.DEBUG: Gzip: 2946B → 497B (16.87%), saved 2.39KB  
[2026-06-25 02:29:45] production.DEBUG: Gzip: 11144B → 1203B (10.8%), saved 9.71KB  
[2026-06-25 02:29:45] production.DEBUG: Gzip: 2946B → 497B (16.87%), saved 2.39KB  
[2026-06-25 02:29:45] production.DEBUG: Gzip: 1477B → 592B (40.08%), saved 0.86KB  
[2026-06-25 07:55:11] production.DEBUG: Gzip: 1004B → 562B (55.98%), saved 0.43KB  
[2026-06-25 07:55:15] production.DEBUG: Gzip: 18982B → 4076B (21.47%), saved 14.56KB  
[2026-06-25 07:58:03] production.DEBUG: Gzip: 18982B → 4076B (21.47%), saved 14.56KB  
[2026-06-25 07:58:03] production.INFO: {"current_page":1,"data":[{"id":34,"name":"Test9","surname":"Testov9","email":"test9@mail.ru","phone":null,"picture":null,"birthdate":"2026-06-09","created_at":"2026-06-09T11:04:39.000000Z","status":1,"full_name":"Test9 Testov9","age":null,"formatted_created_at":"09.06.2026 13:04","roles":[{"id":4,"name":"user","guard_name":"web","created_at":"2024-11-09T01:29:02.000000Z","updated_at":"2024-11-09T01:29:02.000000Z","pivot":{"model_type":"App\\Models\\User","model_id":34,"role_id":4}}]},{"id":1,"name":"\u0414\u0430\u043d\u0438\u043b\u0430","surname":"\u0424\u0438\u043b\u0430\u0442\u043e\u0432","email":"fff_trizna@mail.ru","phone":"+7 (950) 675 40 57","picture":"1780565481.jpeg","birthdate":"2007-08-01","created_at":"2023-11-20T05:41:33.000000Z","status":1,"full_name":"\u0414\u0430\u043d\u0438\u043b\u0430 \u0424\u0438\u043b\u0430\u0442\u043e\u0432","age":null,"formatted_created_at":"20.11.2023 07:41","roles":[]}],"first_page_url":"http:\/\/localhost:8000\/api\/backend\/users?page=1","from":1,"last_page":1,"last_page_url":"http:\/\/localhost:8000\/api\/backend\/users?page=1","links":[{"url":null,"label":"&laquo; Previous","page":null,"active":false},{"url":"http:\/\/localhost:8000\/api\/backend\/users?page=1","label":"1","page":1,"active":true},{"url":null,"label":"Next &raquo;","page":null,"active":false}],"next_page_url":null,"path":"http:\/\/localhost:8000\/api\/backend\/users","per_page":10,"prev_page_url":null,"to":2,"total":2}  
[2026-06-25 07:59:21] production.INFO: array (
  'name' => 'Test9',
  'surname' => 'Testov9',
  'email' => 'test9@mail.ru',
  'phone' => NULL,
)  
[2026-06-25 07:59:21] production.DEBUG: Gzip: 598B → 311B (52.01%), saved 0.28KB  
[2026-06-25 08:09:52] production.ERROR: syntax error, unexpected token "}" {"exception":"[object] (ParseError(code: 0): syntax error, unexpected token \"}\" at /Users/aleksandr/projects/btf/app/Http/Controllers/Backend/PostsController.php:130)
[stacktrace]
#0 /Users/aleksandr/projects/btf/vendor/composer/ClassLoader.php(427): Composer\\Autoload\\{closure}('/Users/aleksand...')
#1 [internal function]: Composer\\Autoload\\ClassLoader->loadClass('App\\\\Http\\\\Contro...')
#2 /Users/aleksandr/projects/btf/vendor/laravel/framework/src/Illuminate/Reflection/Reflector.php(41): class_exists('App\\\\Http\\\\Contro...')
#3 /Users/aleksandr/projects/btf/vendor/laravel/framework/src/Illuminate/Routing/RouteRegistrar.php(265): Illuminate\\Support\\Reflector::isCallable(Array)
#4 /Users/aleksandr/projects/btf/vendor/laravel/framework/src/Illuminate/Routing/RouteRegistrar.php(244): Illuminate\\Routing\\RouteRegistrar->compileAction(Array)
#5 /Users/aleksandr/projects/btf/vendor/laravel/framework/src/Illuminate/Routing/RouteRegistrar.php(294): Illuminate\\Routing\\RouteRegistrar->registerRoute('patch', 'posts/{id}/chan...', Array)
#6 /Users/aleksandr/projects/btf/routes/web.php(49): Illuminate\\Routing\\RouteRegistrar->__call('patch', Array)
#7 /Users/aleksandr/projects/btf/vendor/laravel/framework/src/Illuminate/Routing/Router.php(524): Illuminate\\Routing\\RouteFileRegistrar->{closure}(Object(Illuminate\\Routing\\Router))
#8 /Users/aleksandr/projects/btf/vendor/laravel/framework/src/Illuminate/Routing/Router.php(480): Illuminate\\Routing\\Router->loadRoutes(Object(Closure))
#9 /Users/aleksandr/projects/btf/vendor/laravel/framework/src/Illuminate/Support/Facades/Facade.php(363): Illuminate\\Routing\\Router->group(Array, Object(Closure))
#10 /Users/aleksandr/projects/btf/routes/web.php(28): Illuminate\\Support\\Facades\\Facade::__callStatic('group', Array)
#11 /Users/aleksandr/projects/btf/vendor/laravel/framework/src/Illuminate/Routing/RouteFileRegistrar.php(34): require('/Users/aleksand...')
#12 /Users/aleksandr/projects/btf/vendor/laravel/framework/src/Illuminate/Routing/Router.php(526): Illuminate\\Routing\\RouteFileRegistrar->register('/Users/aleksand...')
#13 /Users/aleksandr/projects/btf/vendor/laravel/framework/src/Illuminate/Routing/Router.php(480): Illuminate\\Routing\\Router->loadRoutes('/Users/aleksand...')
#14 /Users/aleksandr/projects/btf/vendor/laravel/framework/src/Illuminate/Routing/RouteRegistrar.php(212): Illuminate\\Routing\\Router->group(Array, '/Users/aleksand...')
#15 /Users/aleksandr/projects/btf/app/Providers/RouteServiceProvider.php(34): Illuminate\\Routing\\RouteRegistrar->group('/Users/aleksand...')
#16 /Users/aleksandr/projects/btf/vendor/laravel/framework/src/Illuminate/Container/BoundMethod.php(36): App\\Providers\\RouteServiceProvider->App\\Providers\\{closure}()
#17 /Users/aleksandr/projects/btf/vendor/laravel/framework/src/Illuminate/Container/Util.php(43): Illuminate\\Container\\BoundMethod::Illuminate\\Container\\{closure}()
#18 /Users/aleksandr/projects/btf/vendor/laravel/framework/src/Illuminate/Container/BoundMethod.php(84): Illuminate\\Container\\Util::unwrapIfClosure(Object(Closure))
#19 /Users/aleksandr/projects/btf/vendor/laravel/framework/src/Illuminate/Container/BoundMethod.php(35): Illuminate\\Container\\BoundMethod::callBoundMethod(Object(Illuminate\\Foundation\\Application), Object(Closure), Object(Closure))
#20 /Users/aleksandr/projects/btf/vendor/laravel/framework/src/Illuminate/Container/Container.php(799): Illuminate\\Container\\BoundMethod::call(Object(Illuminate\\Foundation\\Application), Object(Closure), Array, NULL)
#21 /Users/aleksandr/projects/btf/vendor/laravel/framework/src/Illuminate/Foundation/Support/Providers/RouteServiceProvider.php(166): Illuminate\\Container\\Container->call(Object(Closure))
#22 /Users/aleksandr/projects/btf/vendor/laravel/framework/src/Illuminate/Foundation/Support/Providers/RouteServiceProvider.php(59): Illuminate\\Foundation\\Support\\Providers\\RouteServiceProvider->loadRoutes()
#23 /Users/aleksandr/projects/btf/vendor/laravel/framework/src/Illuminate/Container/BoundMethod.php(36): Illuminate\\Foundation\\Support\\Providers\\RouteServiceProvider->Illuminate\\Foundation\\Support\\Providers\\{closure}()
#24 /Users/aleksandr/projects/btf/vendor/laravel/framework/src/Illuminate/Container/Util.php(43): Illuminate\\Container\\BoundMethod::Illuminate\\Container\\{closure}()
#25 /Users/aleksandr/projects/btf/vendor/laravel/framework/src/Illuminate/Container/BoundMethod.php(84): Illuminate\\Container\\Util::unwrapIfClosure(Object(Closure))
#26 /Users/aleksandr/projects/btf/vendor/laravel/framework/src/Illuminate/Container/BoundMethod.php(35): Illuminate\\Container\\BoundMethod::callBoundMethod(Object(Illuminate\\Foundation\\Application), Object(Closure), Object(Closure))
#27 /Users/aleksandr/projects/btf/vendor/laravel/framework/src/Illuminate/Container/Container.php(799): Illuminate\\Container\\BoundMethod::call(Object(Illuminate\\Foundation\\Application), Object(Closure), Array, NULL)
#28 /Users/aleksandr/projects/btf/vendor/laravel/framework/src/Illuminate/Support/ServiceProvider.php(150): Illuminate\\Container\\Container->call(Object(Closure))
#29 /Users/aleksandr/projects/btf/vendor/laravel/framework/src/Illuminate/Foundation/Application.php(1154): Illuminate\\Support\\ServiceProvider->callBootedCallbacks()
#30 /Users/aleksandr/projects/btf/vendor/laravel/framework/src/Illuminate/Foundation/Application.php(1132): Illuminate\\Foundation\\Application->bootProvider(Object(App\\Providers\\RouteServiceProvider))
#31 [internal function]: Illuminate\\Foundation\\Application->Illuminate\\Foundation\\{closure}(Object(App\\Providers\\RouteServiceProvider), 'App\\\\Providers\\\\R...')
#32 /Users/aleksandr/projects/btf/vendor/laravel/framework/src/Illuminate/Foundation/Application.php(1131): array_walk(Array, Object(Closure))
#33 /Users/aleksandr/projects/btf/vendor/laravel/framework/src/Illuminate/Foundation/Bootstrap/BootProviders.php(17): Illuminate\\Foundation\\Application->boot()
#34 /Users/aleksandr/projects/btf/vendor/laravel/framework/src/Illuminate/Foundation/Application.php(342): Illuminate\\Foundation\\Bootstrap\\BootProviders->bootstrap(Object(Illuminate\\Foundation\\Application))
#35 /Users/aleksandr/projects/btf/vendor/laravel/framework/src/Illuminate/Foundation/Console/Kernel.php(494): Illuminate\\Foundation\\Application->bootstrapWith(Array)
#36 /Users/aleksandr/projects/btf/vendor/laravel/framework/src/Illuminate/Foundation/Console/Kernel.php(196): Illuminate\\Foundation\\Console\\Kernel->bootstrap()
#37 Command line code(1): Illuminate\\Foundation\\Console\\Kernel->handle(Object(Symfony\\Component\\Console\\Input\\ArgvInput), Object(Symfony\\Component\\Console\\Output\\ConsoleOutput))
#38 {main}
"} 
[2026-06-25 09:47:05] production.ERROR: syntax error, unexpected identifier "l" {"exception":"[object] (ParseError(code: 0): syntax error, unexpected identifier \"l\" at /Users/aleksandr/projects/btf/app/Http/Controllers/Backend/PostsController.php:133)
[stacktrace]
#0 /Users/aleksandr/projects/btf/vendor/composer/ClassLoader.php(427): Composer\\Autoload\\{closure}('/Users/aleksand...')
#1 [internal function]: Composer\\Autoload\\ClassLoader->loadClass('App\\\\Http\\\\Contro...')
#2 /Users/aleksandr/projects/btf/vendor/laravel/framework/src/Illuminate/Reflection/Reflector.php(41): class_exists('App\\\\Http\\\\Contro...')
#3 /Users/aleksandr/projects/btf/vendor/laravel/framework/src/Illuminate/Routing/RouteRegistrar.php(265): Illuminate\\Support\\Reflector::isCallable(Array)
#4 /Users/aleksandr/projects/btf/vendor/laravel/framework/src/Illuminate/Routing/RouteRegistrar.php(244): Illuminate\\Routing\\RouteRegistrar->compileAction(Array)
#5 /Users/aleksandr/projects/btf/vendor/laravel/framework/src/Illuminate/Routing/RouteRegistrar.php(294): Illuminate\\Routing\\RouteRegistrar->registerRoute('patch', 'posts/{id}/chan...', Array)
#6 /Users/aleksandr/projects/btf/routes/web.php(49): Illuminate\\Routing\\RouteRegistrar->__call('patch', Array)
#7 /Users/aleksandr/projects/btf/vendor/laravel/framework/src/Illuminate/Routing/Router.php(524): Illuminate\\Routing\\RouteFileRegistrar->{closure}(Object(Illuminate\\Routing\\Router))
#8 /Users/aleksandr/projects/btf/vendor/laravel/framework/src/Illuminate/Routing/Router.php(480): Illuminate\\Routing\\Router->loadRoutes(Object(Closure))
#9 /Users/aleksandr/projects/btf/vendor/laravel/framework/src/Illuminate/Support/Facades/Facade.php(363): Illuminate\\Routing\\Router->group(Array, Object(Closure))
#10 /Users/aleksandr/projects/btf/routes/web.php(28): Illuminate\\Support\\Facades\\Facade::__callStatic('group', Array)
#11 /Users/aleksandr/projects/btf/vendor/laravel/framework/src/Illuminate/Routing/RouteFileRegistrar.php(34): require('/Users/aleksand...')
#12 /Users/aleksandr/projects/btf/vendor/laravel/framework/src/Illuminate/Routing/Router.php(526): Illuminate\\Routing\\RouteFileRegistrar->register('/Users/aleksand...')
#13 /Users/aleksandr/projects/btf/vendor/laravel/framework/src/Illuminate/Routing/Router.php(480): Illuminate\\Routing\\Router->loadRoutes('/Users/aleksand...')
#14 /Users/aleksandr/projects/btf/vendor/laravel/framework/src/Illuminate/Routing/RouteRegistrar.php(212): Illuminate\\Routing\\Router->group(Array, '/Users/aleksand...')
#15 /Users/aleksandr/projects/btf/app/Providers/RouteServiceProvider.php(34): Illuminate\\Routing\\RouteRegistrar->group('/Users/aleksand...')
#16 /Users/aleksandr/projects/btf/vendor/laravel/framework/src/Illuminate/Container/BoundMethod.php(36): App\\Providers\\RouteServiceProvider->App\\Providers\\{closure}()
#17 /Users/aleksandr/projects/btf/vendor/laravel/framework/src/Illuminate/Container/Util.php(43): Illuminate\\Container\\BoundMethod::Illuminate\\Container\\{closure}()
#18 /Users/aleksandr/projects/btf/vendor/laravel/framework/src/Illuminate/Container/BoundMethod.php(84): Illuminate\\Container\\Util::unwrapIfClosure(Object(Closure))
#19 /Users/aleksandr/projects/btf/vendor/laravel/framework/src/Illuminate/Container/BoundMethod.php(35): Illuminate\\Container\\BoundMethod::callBoundMethod(Object(Illuminate\\Foundation\\Application), Object(Closure), Object(Closure))
#20 /Users/aleksandr/projects/btf/vendor/laravel/framework/src/Illuminate/Container/Container.php(799): Illuminate\\Container\\BoundMethod::call(Object(Illuminate\\Foundation\\Application), Object(Closure), Array, NULL)
#21 /Users/aleksandr/projects/btf/vendor/laravel/framework/src/Illuminate/Foundation/Support/Providers/RouteServiceProvider.php(166): Illuminate\\Container\\Container->call(Object(Closure))
#22 /Users/aleksandr/projects/btf/vendor/laravel/framework/src/Illuminate/Foundation/Support/Providers/RouteServiceProvider.php(59): Illuminate\\Foundation\\Support\\Providers\\RouteServiceProvider->loadRoutes()
#23 /Users/aleksandr/projects/btf/vendor/laravel/framework/src/Illuminate/Container/BoundMethod.php(36): Illuminate\\Foundation\\Support\\Providers\\RouteServiceProvider->Illuminate\\Foundation\\Support\\Providers\\{closure}()
#24 /Users/aleksandr/projects/btf/vendor/laravel/framework/src/Illuminate/Container/Util.php(43): Illuminate\\Container\\BoundMethod::Illuminate\\Container\\{closure}()
#25 /Users/aleksandr/projects/btf/vendor/laravel/framework/src/Illuminate/Container/BoundMethod.php(84): Illuminate\\Container\\Util::unwrapIfClosure(Object(Closure))
#26 /Users/aleksandr/projects/btf/vendor/laravel/framework/src/Illuminate/Container/BoundMethod.php(35): Illuminate\\Container\\BoundMethod::callBoundMethod(Object(Illuminate\\Foundation\\Application), Object(Closure), Object(Closure))
#27 /Users/aleksandr/projects/btf/vendor/laravel/framework/src/Illuminate/Container/Container.php(799): Illuminate\\Container\\BoundMethod::call(Object(Illuminate\\Foundation\\Application), Object(Closure), Array, NULL)
#28 /Users/aleksandr/projects/btf/vendor/laravel/framework/src/Illuminate/Support/ServiceProvider.php(150): Illuminate\\Container\\Container->call(Object(Closure))
#29 /Users/aleksandr/projects/btf/vendor/laravel/framework/src/Illuminate/Foundation/Application.php(1154): Illuminate\\Support\\ServiceProvider->callBootedCallbacks()
#30 /Users/aleksandr/projects/btf/vendor/laravel/framework/src/Illuminate/Foundation/Application.php(1132): Illuminate\\Foundation\\Application->bootProvider(Object(App\\Providers\\RouteServiceProvider))
#31 [internal function]: Illuminate\\Foundation\\Application->Illuminate\\Foundation\\{closure}(Object(App\\Providers\\RouteServiceProvider), 'App\\\\Providers\\\\R...')
#32 /Users/aleksandr/projects/btf/vendor/laravel/framework/src/Illuminate/Foundation/Application.php(1131): array_walk(Array, Object(Closure))
#33 /Users/aleksandr/projects/btf/vendor/laravel/framework/src/Illuminate/Foundation/Bootstrap/BootProviders.php(17): Illuminate\\Foundation\\Application->boot()
#34 /Users/aleksandr/projects/btf/vendor/laravel/framework/src/Illuminate/Foundation/Application.php(342): Illuminate\\Foundation\\Bootstrap\\BootProviders->bootstrap(Object(Illuminate\\Foundation\\Application))
#35 /Users/aleksandr/projects/btf/vendor/laravel/framework/src/Illuminate/Foundation/Console/Kernel.php(494): Illuminate\\Foundation\\Application->bootstrapWith(Array)
#36 /Users/aleksandr/projects/btf/vendor/laravel/framework/src/Illuminate/Foundation/Console/Kernel.php(196): Illuminate\\Foundation\\Console\\Kernel->bootstrap()
#37 Command line code(1): Illuminate\\Foundation\\Console\\Kernel->handle(Object(Symfony\\Component\\Console\\Input\\ArgvInput), Object(Symfony\\Component\\Console\\Output\\ConsoleOutput))
#38 {main}
"} 
[2026-06-25 09:50:11] production.ERROR: Cannot declare class App\Models\UserRole, because the name is already in use {"exception":"[object] (Symfony\\Component\\ErrorHandler\\Error\\FatalError(code: 0): Cannot declare class App\\Models\\UserRole, because the name is already in use at /Users/aleksandr/projects/btf/app/Models/UserRole.php:8)
[stacktrace]
#0 {main}
"} 
[2026-06-25 12:08:04] production.ERROR: Cannot declare class App\Models\Type, because the name is already in use {"exception":"[object] (Symfony\\Component\\ErrorHandler\\Error\\FatalError(code: 0): Cannot declare class App\\Models\\Type, because the name is already in use at /Users/aleksandr/projects/btf/app/Models/Type.php:8)
[stacktrace]
#0 {main}
"} 
[2026-06-25 12:08:13] production.ERROR: Cannot declare class App\Models\Type, because the name is already in use {"exception":"[object] (Symfony\\Component\\ErrorHandler\\Error\\FatalError(code: 0): Cannot declare class App\\Models\\Type, because the name is already in use at /Users/aleksandr/projects/btf/app/Models/Type.php:8)
[stacktrace]
#0 {main}
"} 
[2026-06-25 12:13:12] production.DEBUG: Gzip: 1004B → 562B (55.98%), saved 0.43KB  
[2026-06-25 12:13:16] production.DEBUG: Gzip: 18982B → 4075B (21.47%), saved 14.56KB  
